Could Not Find C:\mif-exec-files\workdir\2aa592ee-1d72-4c0c-93e4-af2e9d7013ad\temp_dir\*.szz
